// Jest Snapshot v1, https://goo.gl/fbAQLP

exports[`UselessTextInputMultiline TextInput should render correctly 1`] = `
<View
  style={
    Object {
      "flex": 1,
      "position": "relative",
    }
  }
>
  <SimpleImagePicker
    asyncKey="@storyPicture"
    handleNavigation={[Function]}
  />
  <UselessTextInputMultiline />
  <View
    style={
      Object {
        "marginBottom": 50,
        "marginLeft": 120,
        "marginTop": 50,
        "position": "relative",
        "width": 150,
      }
    }
  >
    <Button
      onPress={[Function]}
      title="Submit"
    />
  </View>
</View>
`;
