// Jest Snapshot v1, https://goo.gl/fbAQLP

exports[`StoryInputScreen Component should render correctly 1`] = `
<View
  style={
    Object {
      "flex": 1,
      "position": "relative",
    }
  }
>
  <SimpleImagePicker
    asyncKey="@storyPicture"
    handleNavigation={[Function]}
    title="Pick the image for your story"
  />
</View>
`;
